Component: ARM Compiler 5.06 update 6 (build 750) Tool: armlink [4d35ed]

==============================================================================

Section Cross References

    app.o(.text) refers to os_mbox.o(.text) for OSMboxAccept
    app.o(.text) refers to os_sem.o(.text) for OSSemPend
    app.o(.text) refers to uartstdio.o(.text) for UARTprintf
    app.o(.text) refers to os_time.o(.text) for OSTimeDlyHMSM
    app.o(.text) refers to gpio.o(.text) for GPIOPinRead
    app.o(.text) refers to os_flag.o(.text) for OSFlagPost
    app.o(.text) refers to pwm.o(.text) for PWMPulseWidthSet
    app.o(.text) refers to bsp_led.o(.text) for BSP_LED_Toggle
    app.o(.text) refers to os_task.o(.text) for OSTaskQuery
    app.o(.text) refers to bsp.o(.text) for BSP_Init
    app.o(.text) refers to sysctl.o(.text) for SysCtlClockGet
    app.o(.text) refers to sysctl.o(.emb_text) for SysCtlDelay
    app.o(.text) refers to bsp_sys.o(.text) for BSP_SysClkFreqGet
    app.o(.text) refers to os_cpu_c.o(.text) for OS_CPU_SysTickInit
    app.o(.text) refers to cpu_core.o(.text) for CPU_Init
    app.o(.text) refers to os_core.o(.text) for OSStatInit
    app.o(.text) refers to lib_mem.o(.text) for Mem_Init
    app.o(.text) refers to cpu_a.o(.text) for CPU_IntDis
    app.o(.text) refers to os_core.o(.data) for OSCPUUsage
    app.o(.text) refers to app.o(.data) for .data
    app.o(.text) refers to app.o(.bss) for .bss
    bsp.o(.text) refers to bsp_int.o(.text) for BSP_IntInit
    bsp.o(.text) refers to bsp_sys.o(.text) for BSP_SysInit
    bsp.o(.text) refers to bsp_led.o(.text) for BSP_LED_Init
    bsp.o(.text) refers to sysctl.o(.text) for SysCtlPWMClockSet
    bsp.o(.text) refers to gpio.o(.text) for GPIOPinTypePWM
    bsp.o(.text) refers to pwm.o(.text) for PWMGenConfigure
    bsp.o(.text) refers to uartstdio.o(.text) for UARTStdioConfig
    bsp.o(.text) refers to printf1.o(i.__0sprintf$1) for __2sprintf
    bsp_int.o(.text) refers to cpu_c.o(.text) for CPU_IntSrcDis
    bsp_int.o(.text) refers to cpu_a.o(.text) for CPU_IntDis
    bsp_int.o(.text) refers to os_core.o(.text) for OSIntEnter
    bsp_int.o(.text) refers to bsp_int.o(.bss) for .bss
    bsp_sys.o(.text) refers to sysctl.o(.text) for SysCtlClockSet
    cpu_bsp.o(.text) refers to bsp_sys.o(.text) for BSP_SysClkFreqGet
    cpu_bsp.o(.text) refers to cpu_core.o(.text) for CPU_TS_TmrFreqSet
    cpu_bsp.o(.text) refers to uldiv.o(.text) for __aeabi_uldivmod
    cstartup.o(RESET) refers to cstartup.o(STACK) for __initial_sp
    cstartup.o(RESET) refers to cstartup.o(.text) for Reset_Handler
    cstartup.o(RESET) refers to os_cpu_a.o(.text) for OS_CPU_PendSVHandler
    cstartup.o(RESET) refers to os_cpu_c.o(.text) for OS_CPU_SysTickHandler
    cstartup.o(RESET) refers to bsp_int.o(.text) for BSP_IntHandlerGPIOA
    cstartup.o(.text) refers to entry.o(.ARM.Collect$$$$00000000) for __main
    cpu_core.o(.text) refers to cpu_a.o(.text) for CPU_SR_Save
    cpu_core.o(.text) refers to lib_mem.o(.text) for Mem_Clr
    cpu_core.o(.text) refers to cpu_bsp.o(.text) for CPU_TS_TmrInit
    cpu_core.o(.text) refers to lib_str.o(.text) for Str_Copy_N
    cpu_core.o(.text) refers to cpu_core.o(.bss) for .bss
    cpu_core.o(.text) refers to cpu_core.o(.data) for .data
    cpu_core.o(.text) refers to cpu_core.o(.constdata) for .constdata
    cpu_c.o(.text) refers to cpu_a.o(.text) for CPU_SR_Save
    lib_math.o(.text) refers to cpu_a.o(.text) for CPU_SR_Save
    lib_math.o(.text) refers to lib_math.o(.data) for .data
    lib_mem.o(.text) refers to lib_mem_a.o(.text) for Mem_Copy
    lib_mem.o(.text) refers to cpu_core.o(.text) for CPU_SW_Exception
    lib_mem.o(.text) refers to cpu_a.o(.text) for CPU_SR_Save
    lib_mem.o(.text) refers to lib_mem.o(.bss) for .bss
    lib_mem.o(.text) refers to lib_mem.o(.data) for .data
    lib_str.o(.text) refers to lib_ascii.o(.text) for ASCII_ToLower
    lib_str.o(.text) refers to lib_str.o(.constdata) for .constdata
    os_core.o(.text) refers to os_cpu_a.o(.text) for OS_CPU_SR_Save
    os_core.o(.text) refers to os_task.o(.text) for OSTaskStkChk
    os_core.o(.text) refers to os_time.o(.text) for OSTimeDly
    os_core.o(.text) refers to os_cpu_c.o(.text) for OSTaskStatHook
    os_core.o(.text) refers to os_flag.o(.text) for OS_FlagInit
    os_core.o(.text) refers to os_mem.o(.text) for OS_MemInit
    os_core.o(.text) refers to os_core.o(.data) for .data
    os_core.o(.text) refers to os_core.o(.bss) for .bss
    os_core.o(.text) refers to os_dbg.o(.text) for OSDebugInit
    os_core.o(.text) refers to os_core.o(.constdata) for .constdata
    os_flag.o(.text) refers to os_cpu_a.o(.text) for OS_CPU_SR_Save
    os_flag.o(.text) refers to os_core.o(.text) for OS_Sched
    os_flag.o(.text) refers to os_core.o(.data) for OSIntNesting
    os_flag.o(.text) refers to os_core.o(.data) for OSFlagFreeList
    os_flag.o(.text) refers to os_core.o(.bss) for OSFlagTbl
[...]
    ..\..\..\..\..\uCOS-II\Source\os_core.c  0x00000000   Number         0  os_core.o ABSOLUTE
    ..\..\..\..\..\uCOS-II\Source\os_flag.c  0x00000000   Number         0  os_flag.o ABSOLUTE
    ..\..\..\..\..\uCOS-II\Source\os_mbox.c  0x00000000   Number         0  os_mbox.o ABSOLUTE
    ..\..\..\..\..\uCOS-II\Source\os_mem.c   0x00000000   Number         0  os_mem.o ABSOLUTE
    ..\..\..\..\..\uCOS-II\Source\os_mutex.c 0x00000000   Number         0  os_mutex.o ABSOLUTE
    ..\..\..\..\..\uCOS-II\Source\os_q.c     0x00000000   Number         0  os_q.o ABSOLUTE
    ..\..\..\..\..\uCOS-II\Source\os_sem.c   0x00000000   Number         0  os_sem.o ABSOLUTE
    ..\..\..\..\..\uCOS-II\Source\os_task.c  0x00000000   Number         0  os_task.o ABSOLUTE
    ..\..\..\..\..\uCOS-II\Source\os_time.c  0x00000000   Number         0  os_time.o ABSOLUTE
    ..\..\..\..\..\uCOS-II\Source\os_tmr.c   0x00000000   Number         0  os_tmr.o ABSOLUTE
    ..\..\BSP\KeilMDK\cstartup.s             0x00000000   Number         0  cstartup.o ABSOLUTE
    ..\..\BSP\bsp.c                          0x00000000   Number         0  bsp.o ABSOLUTE
    ..\..\BSP\bsp_int.c                      0x00000000   Number         0  bsp_int.o ABSOLUTE
    ..\..\BSP\bsp_led.c                      0x00000000   Number         0  bsp_led.o ABSOLUTE
    ..\..\BSP\bsp_sys.c                      0x00000000   Number         0  bsp_sys.o ABSOLUTE
    ..\..\BSP\cpu_bsp.c                      0x00000000   Number         0  cpu_bsp.o ABSOLUTE
    ..\..\BSP\driverlib\adc.c                0x00000000   Number         0  adc.o ABSOLUTE
    ..\..\BSP\driverlib\can.c                0x00000000   Number         0  can.o ABSOLUTE
    ..\..\BSP\driverlib\comp.c               0x00000000   Number         0  comp.o ABSOLUTE
    ..\..\BSP\driverlib\cpu.c                0x00000000   Number         0  cpu.o ABSOLUTE
    ..\..\BSP\driverlib\eeprom.c             0x00000000   Number         0  eeprom.o ABSOLUTE
    ..\..\BSP\driverlib\flash.c              0x00000000   Number         0  flash.o ABSOLUTE
    ..\..\BSP\driverlib\fpu.c                0x00000000   Number         0  fpu.o ABSOLUTE
    ..\..\BSP\driverlib\gpio.c               0x00000000   Number         0  gpio.o ABSOLUTE
    ..\..\BSP\driverlib\hibernate.c          0x00000000   Number         0  hibernate.o ABSOLUTE
    ..\..\BSP\driverlib\i2c.c                0x00000000   Number         0  i2c.o ABSOLUTE
    ..\..\BSP\driverlib\interrupt.c          0x00000000   Number         0  interrupt.o ABSOLUTE
    ..\..\BSP\driverlib\mpu.c                0x00000000   Number         0  mpu.o ABSOLUTE
    ..\..\BSP\driverlib\pwm.c                0x00000000   Number         0  pwm.o ABSOLUTE
    ..\..\BSP\driverlib\qei.c                0x00000000   Number         0  qei.o ABSOLUTE
    ..\..\BSP\driverlib\ssi.c                0x00000000   Number         0  ssi.o ABSOLUTE
    ..\..\BSP\driverlib\sw_crc.c             0x00000000   Number         0  sw_crc.o ABSOLUTE
    ..\..\BSP\driverlib\sysctl.c             0x00000000   Number         0  sysctl.o ABSOLUTE
    ..\..\BSP\driverlib\sysexc.c             0x00000000   Number         0  sysexc.o ABSOLUTE
    ..\..\BSP\driverlib\systick.c            0x00000000   Number         0  systick.o ABSOLUTE
    ..\..\BSP\driverlib\timer.c              0x00000000   Number         0  timer.o ABSOLUTE
    ..\..\BSP\driverlib\uart.c               0x00000000   Number         0  uart.o ABSOLUTE
    ..\..\BSP\driverlib\udma.c               0x00000000   Number         0  udma.o ABSOLUTE
    ..\..\BSP\driverlib\usb.c                0x00000000   Number         0  usb.o ABSOLUTE
    ..\..\BSP\driverlib\watchdog.c           0x00000000   Number         0  watchdog.o ABSOLUTE
    ..\..\BSP\utils\uartstdio.c              0x00000000   Number         0  uartstdio.o ABSOLUTE
    ..\\..\\BSP\\driverlib\\cpu.c            0x00000000   Number         0  cpu.o ABSOLUTE
    ..\\..\\BSP\\driverlib\\sysctl.c         0x00000000   Number         0  sysctl.o ABSOLUTE
    ..\app.c                                 0x00000000   Number         0  app.o ABSOLUTE
    ..\app_hooks.c                           0x00000000   Number         0  app_hooks.o ABSOLUTE
    cdrcmple.s                               0x00000000   Number         0  cdrcmple.o ABSOLUTE
    dc.s                                     0x00000000   Number         0  dc.o ABSOLUTE
    handlers.s                               0x00000000   Number         0  handlers.o ABSOLUTE
    init.s                                   0x00000000   Number         0  init.o ABSOLUTE
    .ARM.Collect$$$$00000000                 0x00000200   Section        0  entry.o(.ARM.Collect$$$$00000000)
    .ARM.Collect$$$$00000001                 0x00000200   Section        4  entry2.o(.ARM.Collect$$$$00000001)
    .ARM.Collect$$$$00000004                 0x00000204   Section        4  entry5.o(.ARM.Collect$$$$00000004)
    .ARM.Collect$$$$00000008                 0x00000208   Section        0  entry7b.o(.ARM.Collect$$$$00000008)
    .ARM.Collect$$$$0000000A                 0x00000208   Section        0  entry8b.o(.ARM.Collect$$$$0000000A)
    .ARM.Collect$$$$0000000B                 0x00000208   Section        8  entry9a.o(.ARM.Collect$$$$0000000B)
    .ARM.Collect$$$$0000000D                 0x00000210   Section        0  entry10a.o(.ARM.Collect$$$$0000000D)
    .ARM.Collect$$$$0000000F                 0x00000210   Section        0  entry11a.o(.ARM.Collect$$$$0000000F)
    .ARM.Collect$$$$00002712                 0x00000210   Section        4  entry2.o(.ARM.Collect$$$$00002712)
    __lit__00000000                          0x00000210   Data           4  entry2.o(.ARM.Collect$$$$00002712)
    .emb_text                                0x00000214   Section       38  cpu.o(.emb_text)
    $v0                                      0x00000214   Number         0  cpu.o(.emb_text)
    .emb_text                                0x0000023c   Section        6  sysctl.o(.emb_text)
    $v0                                      0x0000023c   Number         0  sysctl.o(.emb_text)
    .text                                    0x00000244   Section        0  app.o(.text)
    SerialTerminal                           0x00000245   Thumb Code   116  app.o(.text)
    Heartbeat                                0x000002b9   Thumb Code    44  app.o(.text)
    UpdateBlinkRate                          0x000002e5   Thumb Code    62  app.o(.text)
    BlinkyTask2                              0x00000323   Thumb Code   110  app.o(.text)
    BlinkyTask1                              0x00000391   Thumb Code   122  app.o(.text)
    AppTaskStart                             0x0000040b   Thumb Code   220  app.o(.text)
    AppTaskCreate                            0x0000054f   Thumb Code    66  app.o(.text)
    .text                                    0x00000708   Section        0  app_hooks.o(.text)
    .text                                    0x00000718   Section        0  bsp.o(.text)
    .text                                    0x00000884   Section        0  bsp_int.o(.text)
    BSP_IntHandlerDummy                      0x000008c5   Thumb Code     2  bsp_int.o(.text)
    .text                                    0x00000acc   Section        0  bsp_led.o(.text)
    .text                                    0x00000b98   Section        0  bsp_sys.o(.text)
    .text                                    0x00000ba8   Section        0  cpu_bsp.o(.text)
    .text                                    0x00000c00   Section       24  cstartup.o(.text)
    $v0                                      0x00000c00   Number         0  cstartup.o(.text)
    .text                                    0x00000c18   Section        0  cpu_core.o(.text)
    .text                                    0x00000dd4   Section       52  cpu_a.o(.text)
    $v0                                      0x00000dd4   Number         0  cpu_a.o(.text)
    .text                                    0x00000e08   Section        0  cpu_c.o(.text)
    .text                                    0x00001184   Section        0  lib_ascii.o(.text)
    .text                                    0x000012e0   Section        0  lib_mem.o(.text)
    Mem_SegAlloc                             0x00001461   Thumb Code    52  lib_mem.o(.text)
    Mem_SegCalcTotSize                       0x00001495   Thumb Code   108  lib_mem.o(.text)
    Mem_PoolBlkIsValidAddr                   0x00001a59   Thumb Code    70  lib_mem.o(.text)
    .text                                    0x00001c2c   Section        0  lib_str.o(.text)
    Str_FmtNbr_Int32                         0x00001ec9   Thumb Code   344  lib_str.o(.text)
    Str_ParseNbr_Int32                       0x00002061   Thumb Code   314  lib_str.o(.text)
    .text                                    0x000021d4   Section      544  lib_mem_a.o(.text)
    $v0                                      0x000021d4   Number         0  lib_mem_a.o(.text)
    .text                                    0x000023f4   Section        0  os_core.o(.text)
    OS_SchedNew                              0x00002be3   Thumb Code    82  os_core.o(.text)
    OS_InitEventList                         0x00002c35   Thumb Code    74  os_core.o(.text)
    OS_InitTCBList                           0x00002c7f   Thumb Code    96  os_core.o(.text)
    OS_InitMisc                              0x00002cdf   Thumb Code    28  os_core.o(.text)
    .text                                    0x00002d10   Section        0  os_flag.o(.text)
    OS_FlagTaskRdy                           0x00002e0f   Thumb Code    70  os_flag.o(.text)
    OS_FlagBlock                             0x00002f85   Thumb Code    86  os_flag.o(.text)
    .text                                    0x000032a4   Section        0  os_mbox.o(.text)
    .text                                    0x000035f4   Section        0  os_mem.o(.text)
    .text                                    0x00003780   Section        0  os_sem.o(.text)
    .text                                    0x00003a90   Section        0  os_task.o(.text)
    .text                                    0x00004184   Section        0  os_time.o(.text)
    .text                                    0x000042e4   Section      220  os_cpu_a.o(.text)
    $v0                                      0x000042e4   Number         0  os_cpu_a.o(.text)
    .text                                    0x000043c0   Section        0  os_cpu_c.o(.text)
    .text                                    0x00004628   Section        0  os_dbg.o(.text)
    .text                                    0x0000462c   Section        0  gpio.o(.text)
    _GPIOIntNumberGet                        0x00004b2b   Thumb Code    36  gpio.o(.text)
    .text                                    0x00004b58   Section        0  interrupt.o(.text)
    _IntDefaultHandler                       0x00004b59   Thumb Code     2  interrupt.o(.text)
    .text                                    0x00004dc0   Section        0  pwm.o(.text)
    _PWMGenIntNumberGet                      0x00004ebf   Thumb Code   108  pwm.o(.text)
    _PWMFaultIntNumberGet                    0x00005023   Thumb Code    32  pwm.o(.text)
    .text                                    0x00005060   Section        0  sysctl.o(.text)
    .text                                    0x000055bc   Section        0  uart.o(.text)
    _UARTIntNumberGet                        0x00005847   Thumb Code    34  uart.o(.text)
    .text                                    0x0000586c   Section        0  uartstdio.o(.text)
    .text                                    0x00005b2c   Section        0  uldiv.o(.text)
    .text                                    0x00005b8e   Section        0  uidiv.o(.text)
    .text                                    0x00005bba   Section        0  llshl.o(.text)
    .text                                    0x00005bd8   Section        0  llushr.o(.text)
    .text                                    0x00005bf8   Section       36  init.o(.text)
    .text                                    0x00005c1c   Section        0  __dczerorl.o(.text)
    i.__0sprintf$1                           0x00005c58   Section        0  printf1.o(i.__0sprintf$1)
    i.__scatterload_copy                     0x00005c80   Section       14  handlers.o(i.__scatterload_copy)
    i.__scatterload_null                     0x00005c8e   Section        2  handlers.o(i.__scatterload_null)
    i.__scatterload_zeroinit                 0x00005c90   Section       14  handlers.o(i.__scatterload_zeroinit)
    i._printf_core                           0x00005ca0   Section        0  printf1.o(i._printf_core)
    _printf_core                             0x00005ca1   Thumb Code   336  printf1.o(i._printf_core)
    i._sputc                                 0x00005df4   Section        0  printf1.o(i._sputc)
    _sputc                                   0x00005df5   Thumb Code    10  printf1.o(i._sputc)
    .constdata                               0x00005dfe   Section      256  cpu_core.o(.constdata)
    CPU_CntLeadZerosTbl                      0x00005dfe   Data         256  cpu_core.o(.constdata)
    .constdata                               0x00005f00   Section      148  lib_str.o(.constdata)
    Str_MultOvfThTbl_Int32U                  0x00005f00   Data         148  lib_str.o(.constdata)
    .constdata                               0x00005f94   Section      256  os_core.o(.constdata)
    .constdata                               0x00006094   Section      312  gpio.o(.constdata)
    g_ppui32GPIOIntMapBlizzard               0x00006094   Data         192  gpio.o(.constdata)
    g_pui32GPIOBaseAddrs                     0x00006154   Data         120  gpio.o(.constdata)
    .constdata                               0x000061cc   Section      268  interrupt.o(.constdata)
    g_pui32Priority                          0x000061cc   Data          32  interrupt.o(.constdata)
    g_pui32Regs                              0x000061ec   Data         156  interrupt.o(.constdata)
    g_pui32EnRegs                            0x00006288   Data          20  interrupt.o(.constdata)
    g_pui32Dii16Regs                         0x0000629c   Data          20  interrupt.o(.constdata)
    g_pui32PendRegs                          0x000062b0   Data          20  interrupt.o(.constdata)
    g_pui32UnpendRegs                        0x000062c4   Data          20  interrupt.o(.constdata)
    .constdata                               0x000062d8   Section      108  sysctl.o(.constdata)
    g_pui32Xtals                             0x000062d8   Data         108  sysctl.o(.constdata)
    .constdata                               0x00006344   Section       64  uart.o(.constdata)
    g_ppui32UARTIntMap                       0x00006344   Data          64  uart.o(.constdata)
    .constdata                               0x00006384   Section       28  uartstdio.o(.constdata)
    g_pcHex                                  0x00006384   Data           4  uartstdio.o(.constdata)
    g_ui32UARTBase                           0x00006388   Data          12  uartstdio.o(.constdata)
    g_ui32UARTPeriph                         0x00006394   Data          12  uartstdio.o(.constdata)
    .conststring                             0x000063a0   Section       17  uartstdio.o(.conststring)
    .data                                    0x20000000   Section       28  app.o(.data)
    ui8Position                              0x20000000   Data           1  app.o(.data)
    ui32Load                                 0x20000014   Data           4  app.o(.data)
    ui32PWMClock                             0x20000018   Data           4  app.o(.data)
    .data                                    0x2000001c   Section        4  cpu_core.o(.data)
    .data                                    0x20000020   Section        4  lib_mem.o(.data)
    .data                                    0x20000024   Section       60  os_core.o(.data)
    .data                                    0x20000060   Section        4  os_core.o(.data)
    .data                                    0x20000064   Section        4  os_core.o(.data)
    .data                                    0x20000068   Section        4  os_cpu_c.o(.data)
    .data                                    0x2000006c   Section        8  uartstdio.o(.data)
    bLastWasCR                               0x2000006c   Data           1  uartstdio.o(.data)
    g_ui32Base                               0x20000070   Data           4  uartstdio.o(.data)
    vtable                                   0x20000400   Section      620  interrupt.o(vtable)
    g_pfnRAMVectors                          0x20000400   Data         620  interrupt.o(vtable)
    .bss                                     0x2000066c   Section     6144  app.o(.bss)
    AppTaskStartStk                          0x2000066c   Data        1024  app.o(.bss)
    Task1Stk                                 0x20000a6c   Data        1024  app.o(.bss)
    Task2Stk                                 0x20000e6c   Data        1024  app.o(.bss)
    Task3Stk                                 0x2000126c   Data        1024  app.o(.bss)
    Task4Stk                                 0x2000166c   Data        1024  app.o(.bss)
    Task5Stk                                 0x20001a6c   Data        1024  app.o(.bss)
    .bss                                     0x20001e6c   Section      448  bsp_int.o(.bss)
    BSP_IntVectTbl                           0x20001e6c   Data         448  bsp_int.o(.bss)
    .bss                                     0x2000202c   Section       16  cpu_core.o(.bss)
    .bss                                     0x2000203c   Section     1096  lib_mem.o(.bss)
    .bss                                     0x20002484   Section     3456  os_core.o(.bss)
    .bss                                     0x20003204   Section       80  os_core.o(.bss)
    .bss                                     0x20003254   Section      120  os_core.o(.bss)
    .bss                                     0x200032cc   Section      512  os_cpu_c.o(.bss)
    STACK                                    0x200034d0   Section      512  cstartup.o(STACK)

    Global Symbols

    Symbol Name                              Value     Ov Type        Size  Object(Section)

    BuildAttributes$$THM_ISAv4$E$P$D$K$B$S$7EM$VFPi3$EXTD16$VFPS$VFMA$PE$A:L22UL41UL21$X:L11$S22US41US21$IEEE1$IW$USESV6$~STKCKD$USESV7$~SHL$OSPACE$ROPI$EBA8$MICROLIB$REQ8$PRES8$EABIv2 0x00000000   Number         0  anon$$obj.o ABSOLUTE
    __ARM_use_no_argv                        0x00000000   Number         0  app.o ABSOLUTE
    __Vectors                                0x00000000   Data           4  cstartup.o(RESET)
    _printf_a                                0x00000000   Number         0  stubs.o ABSOLUTE
    _printf_c                                0x00000000   Number         0  stubs.o ABSOLUTE
    _printf_charcount                        0x00000000   Number         0  stubs.o ABSOLUTE
    _printf_d                                0x00000000   Number         0  stubs.o ABSOLUTE
    _printf_e                                0x00000000   Number         0  stubs.o ABSOLUTE
    _printf_f                                0x00000000   Number         0  stubs.o ABSOLUTE
    _printf_flags                            0x00000000   Number         0  stubs.o ABSOLUTE
    _printf_fp_dec                           0x00000000   Number         0  stubs.o ABSOLUTE
    _printf_fp_hex                           0x00000000   Number         0  stubs.o ABSOLUTE
    _printf_g                                0x00000000   Number         0  stubs.o ABSOLUTE
    _printf_i                                0x00000000   Number         0  stubs.o ABSOLUTE
    _printf_int_dec                          0x00000000   Number         0  stubs.o ABSOLUTE
    _printf_l                                0x00000000   Number         0  stubs.o ABSOLUTE
    _printf_lc                               0x00000000   Number         0  stubs.o ABSOLUTE
    _printf_ll                               0x00000000   Number         0  stubs.o ABSOLUTE
    _printf_lld                              0x00000000   Number         0  stubs.o ABSOLUTE
    _printf_lli                              0x00000000   Number         0  stubs.o ABSOLUTE
    _printf_llo                              0x00000000   Number         0  stubs.o ABSOLUTE
    _printf_llu                              0x00000000   Number         0  stubs.o ABSOLUTE
    _printf_llx                              0x00000000   Number         0  stubs.o ABSOLUTE
    _printf_longlong_dec                     0x00000000   Number         0  stubs.o ABSOLUTE
    _printf_longlong_hex                     0x00000000   Number         0  stubs.o ABSOLUTE
    _printf_longlong_oct                     0x00000000   Number         0  stubs.o ABSOLUTE
    _printf_ls                               0x00000000   Number         0  stubs.o ABSOLUTE
    _printf_mbtowc                           0x00000000   Number         0  stubs.o ABSOLUTE
    _printf_n                                0x00000000   Number         0  stubs.o ABSOLUTE
    _printf_o                                0x00000000   Number         0  stubs.o ABSOLUTE
    _printf_p                                0x00000000   Number         0  stubs.o ABSOLUTE
    _printf_percent                          0x00000000   Number         0  stubs.o ABSOLUTE
    _printf_pre_padding                      0x00000000   Number         0  stubs.o ABSOLUTE
    _printf_return_value                     0x00000000   Number         0  stubs.o ABSOLUTE
    _printf_s                                0x00000000   Number         0  stubs.o ABSOLUTE
    _printf_sizespec                         0x00000000   Number         0  stubs.o ABSOLUTE
    _printf_str                              0x00000000   Number         0  stubs.o ABSOLUTE
    _printf_truncate_signed                  0x00000000   Number         0  stubs.o ABSOLUTE
    _printf_truncate_unsigned                0x00000000   Number         0  stubs.o ABSOLUTE
    _printf_u                                0x00000000   Number         0  stubs.o ABSOLUTE
    _printf_wc                               0x00000000   Number         0  stubs.o ABSOLUTE
    _printf_wctomb                           0x00000000   Number         0  stubs.o ABSOLUTE
    _printf_widthprec                        0x00000000   Number         0  stubs.o ABSOLUTE
    _printf_x                                0x00000000   Number         0  stubs.o ABSOLUTE
    __cpp_initialize__aeabi_                  - Undefined Weak Reference
    __cxa_finalize                            - Undefined Weak Reference
    _clock_init                               - Undefined Weak Reference
    _microlib_exit                            - Undefined Weak Reference
    __Vectors_End                            0x00000200   Data           0  cstartup.o(RESET)
    __Vectors_Size                           0x00000200   Number         0  cstartup.o ABSOLUTE
    __main                                   0x00000201   Thumb Code     0  entry.o(.ARM.Collect$$$$00000000)
    _main_stk                                0x00000201   Thumb Code     0  entry2.o(.ARM.Collect$$$$00000001)
    _main_scatterload                        0x00000205   Thumb Code     0  entry5.o(.ARM.Collect$$$$00000004)
    __main_after_scatterload                 0x00000209   Thumb Code     0  entry5.o(.ARM.Collect$$$$00000004)
    _main_clock                              0x00000209   Thumb Code     0  entry7b.o(.ARM.Collect$$$$00000008)
    _main_cpp_init                           0x00000209   Thumb Code     0  entry8b.o(.ARM.Collect$$$$0000000A)
    _main_init                               0x00000209   Thumb Code     0  entry9a.o(.ARM.Collect$$$$0000000B)
    __rt_final_cpp                           0x00000211   Thumb Code     0  entry10a.o(.ARM.Collect$$$$0000000D)
    __rt_final_exit                          0x00000211   Thumb Code     0  entry11a.o(.ARM.Collect$$$$0000000F)
    CPUcpsid                                 0x00000215   Thumb Code     8  cpu.o(.emb_text)
    CPUprimask                               0x0000021d   Thumb Code     6  cpu.o(.emb_text)
    CPUcpsie                                 0x00000223   Thumb Code     8  cpu.o(.emb_text)
    CPUwfi                                   0x0000022b   Thumb Code     4  cpu.o(.emb_text)
    CPUbasepriSet                            0x0000022f   Thumb Code     6  cpu.o(.emb_text)
    CPUbasepriGet                            0x00000235   Thumb Code     6  cpu.o(.emb_text)
    SysCtlDelay                              0x0000023d   Thumb Code     6  sysctl.o(.emb_text)
    main                                     0x000004e7   Thumb Code   104  app.o(.text)
    App_TaskCreateHook                       0x00000709   Thumb Code     2  app_hooks.o(.text)
    App_TaskDelHook                          0x0000070b   Thumb Code     2  app_hooks.o(.text)
    App_TaskIdleHook                         0x0000070d   Thumb Code     2  app_hooks.o(.text)
    App_TaskStatHook                         0x0000070f   Thumb Code     2  app_hooks.o(.text)
    App_TaskReturnHook                       0x00000711   Thumb Code     2  app_hooks.o(.text)
    App_TaskSwHook                           0x00000713   Thumb Code     2  app_hooks.o(.text)
    App_TCBInitHook                          0x00000715   Thumb Code     2  app_hooks.o(.text)
    App_TimeTickHook                         0x00000717   Thumb Code     2  app_hooks.o(.text)
    BSP_Init                                 0x00000719   Thumb Code   276  bsp.o(.text)
    BSP_IntClr                               0x00000885   Thumb Code     2  bsp_int.o(.text)
    BSP_IntDis                               0x00000887   Thumb Code    14  bsp_int.o(.text)
    BSP_IntDisAll                            0x00000895   Thumb Code     4  bsp_int.o(.text)
    BSP_IntEn                                0x00000899   Thumb Code    14  bsp_int.o(.text)
    BSP_IntVectSet                           0x000008a7   Thumb Code    30  bsp_int.o(.text)
    BSP_IntInit                              0x000008c7   Thumb Code    20  bsp_int.o(.text)
    BSP_IntHandler                           0x000008db   Thumb Code    42  bsp_int.o(.text)
    BSP_IntHandlerGPIOA                      0x00000905   Thumb Code     4  bsp_int.o(.text)
    BSP_IntHandlerGPIOB                      0x00000909   Thumb Code     4  bsp_int.o(.text)
    BSP_IntHandlerGPIOC                      0x0000090d   Thumb Code     4  bsp_int.o(.text)
    BSP_IntHandlerGPIOD                      0x00000911   Thumb Code     4  bsp_int.o(.text)
    BSP_IntHandlerGPIOE                      0x00000915   Thumb Code     4  bsp_int.o(.text)
    BSP_IntHandlerUART0                      0x00000919   Thumb Code     4  bsp_int.o(.text)
    BSP_IntHandlerUART1                      0x0000091d   Thumb Code     4  bsp_int.o(.text)
    BSP_IntHandlerSSI0                       0x00000921   Thumb Code     4  bsp_int.o(.text)
    BSP_IntHandlerI2C0                       0x00000925   Thumb Code     4  bsp_int.o(.text)
    BSP_IntHandlerPWM_FAULT                  0x00000929   Thumb Code     4  bsp_int.o(.text)
    BSP_IntHandlerPWM_GEN0                   0x0000092d   Thumb Code     4  bsp_int.o(.text)
    BSP_IntHandlerPWM_GEN1                   0x00000931   Thumb Code     4  bsp_int.o(.text)
    BSP_IntHandlerPWM_GEN2                   0x00000935   Thumb Code     4  bsp_int.o(.text)
    BSP_IntHandlerQEI0                       0x00000939   Thumb Code     4  bsp_int.o(.text)
    BSP_IntHandlerADC0_0                     0x0000093d   Thumb Code     4  bsp_int.o(.text)
    BSP_IntHandlerADC0_1                     0x00000941   Thumb Code     4  bsp_int.o(.text)
    BSP_IntHandlerADC0_2                     0x00000945   Thumb Code     4  bsp_int.o(.text)
    BSP_IntHandlerADC0_3                     0x00000949   Thumb Code     4  bsp_int.o(.text)
    BSP_IntHandlerWDTO_WDT1                  0x0000094d   Thumb Code     4  bsp_int.o(.text)
    BSP_IntHandlerTMR0A                      0x00000951   Thumb Code     4  bsp_int.o(.text)
    BSP_IntHandlerTMR0B                      0x00000955   Thumb Code     4  bsp_int.o(.text)
    BSP_IntHandlerTMR1A                      0x00000959   Thumb Code     4  bsp_int.o(.text)
    BSP_IntHandlerTMR1B                      0x0000095d   Thumb Code     4  bsp_int.o(.text)
    BSP_IntHandlerTMR2A                      0x00000961   Thumb Code     4  bsp_int.o(.text)
    BSP_IntHandlerTMR2B                      0x00000965   Thumb Code     4  bsp_int.o(.text)
    BSP_IntHandlerACOMP0                     0x00000969   Thumb Code     4  bsp_int.o(.text)
    BSP_IntHandlerACOMP1                     0x0000096d   Thumb Code     4  bsp_int.o(.text)
    BSP_IntHandlerACOMP2                     0x00000971   Thumb Code     4  bsp_int.o(.text)
    BSP_IntHandlerSYS_CTRL                   0x00000975   Thumb Code     4  bsp_int.o(.text)
    BSP_IntHandlerFLASH                      0x00000979   Thumb Code     4  bsp_int.o(.text)
    BSP_IntHandlerGPIOF                      0x0000097d   Thumb Code     4  bsp_int.o(.text)
    BSP_IntHandlerGPIOG                      0x00000981   Thumb Code     4  bsp_int.o(.text)
    BSP_IntHandlerGPIOH                      0x00000985   Thumb Code     4  bsp_int.o(.text)
    BSP_IntHandlerUART2                      0x00000989   Thumb Code     4  bsp_int.o(.text)
    BSP_IntHandlerSSI1                       0x0000098d   Thumb Code     4  bsp_int.o(.text)
    BSP_IntHandlerTMR3A                      0x00000991   Thumb Code     4  bsp_int.o(.text)
    BSP_IntHandlerTMR3B                      0x00000995   Thumb Code     4  bsp_int.o(.text)
    BSP_IntHandlerI2C1                       0x00000999   Thumb Code     4  bsp_int.o(.text)
    BSP_IntHandlerCAN0                       0x0000099d   Thumb Code     4  bsp_int.o(.text)
    BSP_IntHandlerCAN1                       0x000009a1   Thumb Code     4  bsp_int.o(.text)
    BSP_IntHandlerETHER_MAC                  0x000009a5   Thumb Code     4  bsp_int.o(.text)
    BSP_IntHandlerHIB                        0x000009a9   Thumb Code     4  bsp_int.o(.text)
    BSP_IntHandlerUSB_MAC                    0x000009ad   Thumb Code     4  bsp_int.o(.text)
    BSP_IntHandlerPWM_GEN3                   0x000009b1   Thumb Code     4  bsp_int.o(.text)
    BSP_IntHandlerUDMA0_SOFT                 0x000009b5   Thumb Code     4  bsp_int.o(.text)
    BSP_IntHandlerUDAM0_ERR                  0x000009b9   Thumb Code     4  bsp_int.o(.text)
    BSP_IntHandlerADC1_0                     0x000009bd   Thumb Code     4  bsp_int.o(.text)
    BSP_IntHandlerADC1_1                     0x000009c1   Thumb Code     4  bsp_int.o(.text)
    BSP_IntHandlerADC1_2                     0x000009c5   Thumb Code     4  bsp_int.o(.text)
    BSP_IntHandlerADC1_3                     0x000009c9   Thumb Code     4  bsp_int.o(.text)
    BSP_IntHandlerEPI0                       0x000009cd   Thumb Code     4  bsp_int.o(.text)
    BSP_IntHandlerGPIOJ                      0x000009d1   Thumb Code     4  bsp_int.o(.text)
    BSP_IntHandlerGPIOK                      0x000009d5   Thumb Code     4  bsp_int.o(.text)
    BSP_IntHandlerGPIOL                      0x000009d9   Thumb Code     4  bsp_int.o(.text)
    BSP_IntHandlerSSI2                       0x000009dd   Thumb Code     4  bsp_int.o(.text)
    BSP_IntHandlerSSI3                       0x000009e1   Thumb Code     4  bsp_int.o(.text)
    BSP_IntHandlerUART3                      0x000009e5   Thumb Code     4  bsp_int.o(.text)
    BSP_IntHandlerUART4                      0x000009e9   Thumb Code     4  bsp_int.o(.text)
    BSP_IntHandlerUART5                      0x000009ed   Thumb Code     4  bsp_int.o(.text)
    BSP_IntHandlerUART6                      0x000009f1   Thumb Code     4  bsp_int.o(.text)
    BSP_IntHandlerUART7                      0x000009f5   Thumb Code     4  bsp_int.o(.text)
    BSP_IntHandlerI2C2                       0x000009f9   Thumb Code     4  bsp_int.o(.text)
    BSP_IntHandlerI2C3                       0x000009fd   Thumb Code     4  bsp_int.o(.text)
    BSP_IntHandlerTMR4A                      0x00000a01   Thumb Code     4  bsp_int.o(.text)
    BSP_IntHandlerTMR4B                      0x00000a05   Thumb Code     4  bsp_int.o(.text)
    BSP_IntHandlerTMR5A                      0x00000a09   Thumb Code     4  bsp_int.o(.text)
    BSP_IntHandlerTMR5B                      0x00000a0d   Thumb Code     4  bsp_int.o(.text)
    BSP_IntHandlerFP                         0x00000a11   Thumb Code     4  bsp_int.o(.text)
    BSP_IntHandlerRSVD68                     0x00000a15   Thumb Code     4  bsp_int.o(.text)
    BSP_IntHandlerRSVD69                     0x00000a19   Thumb Code     4  bsp_int.o(.text)
    BSP_IntHandlerI2C4                       0x00000a1d   Thumb Code     4  bsp_int.o(.text)
    BSP_IntHandlerI2C5                       0x00000a21   Thumb Code     4  bsp_int.o(.text)
    BSP_IntHandlerGPIOM                      0x00000a25   Thumb Code     4  bsp_int.o(.text)
    BSP_IntHandlerGPION                      0x00000a29   Thumb Code     4  bsp_int.o(.text)
    BSP_IntHandlerRSVD74                     0x00000a2d   Thumb Code     4  bsp_int.o(.text)
    BSP_IntHandlerTAMPER                     0x00000a31   Thumb Code     4  bsp_int.o(.text)
    BSP_IntHandlerGPIOP0                     0x00000a35   Thumb Code     4  bsp_int.o(.text)
    BSP_IntHandlerGPIOP1                     0x00000a39   Thumb Code     4  bsp_int.o(.text)
    BSP_IntHandlerGPIOP2                     0x00000a3d   Thumb Code     4  bsp_int.o(.text)
    BSP_IntHandlerGPIOP3                     0x00000a41   Thumb Code     4  bsp_int.o(.text)
    BSP_IntHandlerGPIOP4                     0x00000a45   Thumb Code     4  bsp_int.o(.text)
    BSP_IntHandlerGPIOP5                     0x00000a49   Thumb Code     4  bsp_int.o(.text)
    BSP_IntHandlerGPIOP6                     0x00000a4d   Thumb Code     4  bsp_int.o(.text)
    BSP_IntHandlerGPIOP7                     0x00000a51   Thumb Code     4  bsp_int.o(.text)
    BSP_IntHandlerGPIOQ0                     0x00000a55   Thumb Code     4  bsp_int.o(.text)
    BSP_IntHandlerGPIOQ1                     0x00000a59   Thumb Code     4  bsp_int.o(.text)
    BSP_IntHandlerGPIOQ2                     0x00000a5d   Thumb Code     4  bsp_int.o(.text)
    BSP_IntHandlerGPIOQ3                     0x00000a61   Thumb Code     4  bsp_int.o(.text)
    BSP_IntHandlerGPIOQ4                     0x00000a65   Thumb Code     4  bsp_int.o(.text)
    BSP_IntHandlerGPIOQ5                     0x00000a69   Thumb Code     4  bsp_int.o(.text)
    BSP_IntHandlerGPIOQ6                     0x00000a6d   Thumb Code     4  bsp_int.o(.text)
    BSP_IntHandlerGPIOQ7                     0x00000a71   Thumb Code     4  bsp_int.o(.text)
    BSP_IntHandlerGPIOR                      0x00000a75   Thumb Code     4  bsp_int.o(.text)
    BSP_IntHandlerGPIOS                      0x00000a79   Thumb Code     4  bsp_int.o(.text)
    BSP_IntHandlerSHA_MD5                    0x00000a7d   Thumb Code     4  bsp_int.o(.text)
    BSP_IntHandlerAES                        0x00000a81   Thumb Code     4  bsp_int.o(.text)
    BSP_IntHandlerDES                        0x00000a85   Thumb Code     4  bsp_int.o(.text)
    BSP_IntHandlerLCD                        0x00000a89   Thumb Code     4  bsp_int.o(.text)
    BSP_IntHandlerTMR6A                      0x00000a8d   Thumb Code     4  bsp_int.o(.text)
    BSP_IntHandlerTMR6B                      0x00000a91   Thumb Code     4  bsp_int.o(.text)
    BSP_IntHandlerTMR7A                      0x00000a95   Thumb Code     4  bsp_int.o(.text)
    BSP_IntHandlerTMR7B                      0x00000a99   Thumb Code     4  bsp_int.o(.text)
    BSP_IntHandlerI2C6                       0x00000a9d   Thumb Code     4  bsp_int.o(.text)
    BSP_IntHandlerI2C7                       0x00000aa1   Thumb Code     4  bsp_int.o(.text)
    BSP_IntHandlerRSVD104                    0x00000aa5   Thumb Code     4  bsp_int.o(.text)
    BSP_IntHandler1WIRE                      0x00000aa9   Thumb Code     4  bsp_int.o(.text)
    BSP_IntHandlerRSVD106                    0x00000aad   Thumb Code     4  bsp_int.o(.text)
    BSP_IntHandlerRSVD107                    0x00000ab1   Thumb Code     4  bsp_int.o(.text)
    BSP_IntHandlerRSVD108                    0x00000ab5   Thumb Code     4  bsp_int.o(.text)
    BSP_IntHandlerI2C8                       0x00000ab9   Thumb Code     4  bsp_int.o(.text)
    BSP_IntHandlerI2C9                       0x00000abd   Thumb Code     4  bsp_int.o(.text)
    BSP_IntHandlerGPIOT                      0x00000ac1   Thumb Code     4  bsp_int.o(.text)
    BSP_LED_Off                              0x00000acd   Thumb Code    46  bsp_led.o(.text)
    BSP_LED_Init                             0x00000afb   Thumb Code    24  bsp_led.o(.text)
    BSP_LED_On                               0x00000b13   Thumb Code    50  bsp_led.o(.text)
    BSP_LED_Toggle                           0x00000b45   Thumb Code    66  bsp_led.o(.text)
    BSP_SysInit                              0x00000b99   Thumb Code     6  bsp_sys.o(.text)
    BSP_SysClkFreqGet                        0x00000b9f   Thumb Code     4  bsp_sys.o(.text)
    CPU_TS_TmrInit                           0x00000ba9   Thumb Code    38  cpu_bsp.o(.text)
    CPU_TS_TmrRd                             0x00000bcf   Thumb Code     6  cpu_bsp.o(.text)
    CPU_TS32_to_uSec                         0x00000bd5   Thumb Code    32  cpu_bsp.o(.text)
    Reset_Handler                            0x00000c01   Thumb Code     4  cstartup.o(.text)
    App_NMI_ISR                              0x00000c05   Thumb Code     2  cstartup.o(.text)
    App_Fault_ISR                            0x00000c07   Thumb Code     2  cstartup.o(.text)
    App_MemFault_ISR                         0x00000c09   Thumb Code     2  cstartup.o(.text)
    App_BusFault_ISR                         0x00000c0b   Thumb Code     2  cstartup.o(.text)
    App_UsageFault_ISR                       0x00000c0d   Thumb Code     2  cstartup.o(.text)
    App_Spurious_ISR                         0x00000c0f   Thumb Code     2  cstartup.o(.text)
    App_Reserved_ISR                         0x00000c11   Thumb Code     2  cstartup.o(.text)
    CPU_NameClr                              0x00000c19   Thumb Code    26  cpu_core.o(.text)
    CPU_Init                                 0x00000c33   Thumb Code    18  cpu_core.o(.text)
    CPU_SW_Exception                         0x00000c45   Thumb Code     2  cpu_core.o(.text)
    CPU_NameGet                              0x00000c47   Thumb Code    46  cpu_core.o(.text)
    CPU_NameSet                              0x00000c75   Thumb Code    62  cpu_core.o(.text)
    CPU_TS_Get32                             0x00000cb3   Thumb Code     4  cpu_core.o(.text)
    CPU_TS_Update                            0x00000cb7   Thumb Code     2  cpu_core.o(.text)
    CPU_TS_TmrFreqGet                        0x00000cb9   Thumb Code    24  cpu_core.o(.text)
    CPU_TS_TmrFreqSet                        0x00000cd1   Thumb Code     6  cpu_core.o(.text)
    CPU_CntLeadZeros08                       0x00000cd7   Thumb Code    10  cpu_core.o(.text)
    CPU_CntLeadZeros16                       0x00000ce1   Thumb Code    10  cpu_core.o(.text)
    CPU_CntLeadZeros32                       0x00000ceb   Thumb Code     4  cpu_core.o(.text)
    CPU_CntLeadZeros64                       0x00000cef   Thumb Code   152  cpu_core.o(.text)
    CPU_CntTrailZeros08                      0x00000d87   Thumb Code    10  cpu_core.o(.text)
    CPU_CntTrailZeros16                      0x00000d91   Thumb Code    10  cpu_core.o(.text)
    CPU_CntTrailZeros32                      0x00000d9b   Thumb Code    10  cpu_core.o(.text)
    CPU_CntTrailZeros64                      0x00000da5   Thumb Code    36  cpu_core.o(.text)
    CPU_IntDis                               0x00000dd5   Thumb Code     0  cpu_a.o(.text)
    CPU_IntEn                                0x00000dd9   Thumb Code     0  cpu_a.o(.text)
    CPU_SR_Save                              0x00000ddd   Thumb Code     0  cpu_a.o(.text)
    CPU_SR_Restore                           0x00000de5   Thumb Code     0  cpu_a.o(.text)
    CPU_WaitForInt                           0x00000deb   Thumb Code     0  cpu_a.o(.text)
    CPU_WaitForExcept                        0x00000def   Thumb Code     0  cpu_a.o(.text)
    CPU_CntLeadZeros                         0x00000df3   Thumb Code     0  cpu_a.o(.text)
    CPU_CntTrailZeros                        0x00000df9   Thumb Code     0  cpu_a.o(.text)
    CPU_RevBits                              0x00000e03   Thumb Code     0  cpu_a.o(.text)
    CPU_BitBandClr                           0x00000e09   Thumb Code    44  cpu_c.o(.text)
    CPU_BitBandSet                           0x00000e35   Thumb Code    44  cpu_c.o(.text)
    CPU_IntSrcDis                            0x00000e61   Thumb Code   146  cpu_c.o(.text)
    CPU_IntSrcEn                             0x00000ef3   Thumb Code   146  cpu_c.o(.text)
    CPU_IntSrcPendClr                        0x00000f85   Thumb Code    72  cpu_c.o(.text)
    CPU_IntSrcPrioSet                        0x00000fcd   Thumb Code   232  cpu_c.o(.text)
    CPU_IntSrcPrioGet                        0x000010b5   Thumb Code   200  cpu_c.o(.text)
    ASCII_IsAlpha                            0x00001185   Thumb Code    22  lib_ascii.o(.text)
    ASCII_IsAlphaNum                         0x0000119b   Thumb Code    28  lib_ascii.o(.text)
    ASCII_IsLower                            0x000011b7   Thumb Code    14  lib_ascii.o(.text)
    ASCII_IsUpper                            0x000011c5   Thumb Code    14  lib_ascii.o(.text)
    ASCII_IsDig                              0x000011d3   Thumb Code    14  lib_ascii.o(.text)
    ASCII_IsDigOct                           0x000011e1   Thumb Code    14  lib_ascii.o(.text)
    ASCII_IsDigHex                           0x000011ef   Thumb Code    28  lib_ascii.o(.text)
    ASCII_IsBlank                            0x0000120b   Thumb Code    16  lib_ascii.o(.text)
    ASCII_IsSpace                            0x0000121b   Thumb Code    32  lib_ascii.o(.text)
    ASCII_IsPrint                            0x0000123b   Thumb Code    14  lib_ascii.o(.text)
    ASCII_IsGraph                            0x00001249   Thumb Code    14  lib_ascii.o(.text)
    ASCII_IsPunct                            0x00001257   Thumb Code    58  lib_ascii.o(.text)
    ASCII_IsCtrl                             0x00001291   Thumb Code    22  lib_ascii.o(.text)
    ASCII_ToLower                            0x000012a7   Thumb Code    14  lib_ascii.o(.text)
    ASCII_ToUpper                            0x000012b5   Thumb Code    14  lib_ascii.o(.text)
    ASCII_Cmp                                0x000012c3   Thumb Code    28  lib_ascii.o(.text)
    Mem_Init                                 0x000012e1   Thumb Code    54  lib_mem.o(.text)
    Mem_Set                                  0x00001317   Thumb Code    70  lib_mem.o(.text)
    Mem_Clr                                  0x0000135d   Thumb Code     6  lib_mem.o(.text)
    Mem_Move                                 0x00001363   Thumb Code   128  lib_mem.o(.text)
    Mem_Cmp                                  0x000013e3   Thumb Code   126  lib_mem.o(.text)
    Mem_HeapAlloc                            0x00001501   Thumb Code   164  lib_mem.o(.text)
    Mem_SegGetSizeRem                        0x000015a5   Thumb Code   114  lib_mem.o(.text)
    Mem_HeapGetSizeRem                       0x00001617   Thumb Code     8  lib_mem.o(.text)
    Mem_PoolClr                              0x0000161f   Thumb Code    68  lib_mem.o(.text)
    Mem_PoolCreate                           0x00001663   Thumb Code   722  lib_mem.o(.text)
    Mem_PoolBlkGetNbrAvail                   0x00001935   Thumb Code    64  lib_mem.o(.text)
    Mem_PoolBlkGet                           0x00001975   Thumb Code   126  lib_mem.o(.text)
    Mem_PoolBlkGetUsedAtIx                   0x000019f3   Thumb Code   102  lib_mem.o(.text)
    Mem_PoolBlkFree                          0x00001a9f   Thumb Code   206  lib_mem.o(.text)
    Mem_PoolBlkIxGet                         0x00001b6d   Thumb Code   186  lib_mem.o(.text)
    Str_Len_N                                0x00001c2d   Thumb Code    22  lib_str.o(.text)
    Str_Len                                  0x00001c43   Thumb Code     6  lib_str.o(.text)
    Str_Copy_N                               0x00001c49   Thumb Code    48  lib_str.o(.text)
    Str_Copy                                 0x00001c79   Thumb Code     6  lib_str.o(.text)
    Str_Cat_N                                0x00001c7f   Thumb Code    58  lib_str.o(.text)
    Str_Cat                                  0x00001cb9   Thumb Code     6  lib_str.o(.text)
    Str_Cmp_N                                0x00001cbf   Thumb Code    86  lib_str.o(.text)
    Str_Cmp                                  0x00001d15   Thumb Code     6  lib_str.o(.text)
    Str_CmpIgnoreCase_N                      0x00001d1b   Thumb Code   146  lib_str.o(.text)
    Str_CmpIgnoreCase                        0x00001dad   Thumb Code     6  lib_str.o(.text)
    Str_Char_N                               0x00001db3   Thumb Code    46  lib_str.o(.text)
    Str_Char                                 0x00001de1   Thumb Code     8  lib_str.o(.text)
    Str_Char_Last_N                          0x00001de9   Thumb Code    44  lib_str.o(.text)
    Str_Char_Last                            0x00001e15   Thumb Code     8  lib_str.o(.text)
    Str_Char_Replace_N                       0x00001e1d   Thumb Code    40  lib_str.o(.text)
    Str_Char_Replace                         0x00001e45   Thumb Code     6  lib_str.o(.text)
    Str_Str_N                                0x00001e4b   Thumb Code   120  lib_str.o(.text)
    Str_Str                                  0x00001ec3   Thumb Code     6  lib_str.o(.text)
    Str_FmtNbr_Int32U                        0x00002021   Thumb Code    24  lib_str.o(.text)
    Str_FmtNbr_Int32S                        0x00002039   Thumb Code    40  lib_str.o(.text)
    Str_ParseNbr_Int32U                      0x0000219b   Thumb Code    12  lib_str.o(.text)
    Str_ParseNbr_Int32S                      0x000021a7   Thumb Code    42  lib_str.o(.text)
    Mem_Copy                                 0x000021d5   Thumb Code     0  lib_mem_a.o(.text)
    OS_StrLen                                0x000023f5   Thumb Code    20  os_core.o(.text)
    OSEventNameGet                           0x00002409   Thumb Code    74  os_core.o(.text)
    OSEventNameSet                           0x00002453   Thumb Code    58  os_core.o(.text)
    OS_EventTaskRemoveMulti                  0x0000248d   Thumb Code    40  os_core.o(.text)
    OS_Sched                                 0x000024b5   Thumb Code    64  os_core.o(.text)
    OS_EventTaskWaitMulti                    0x000024f5   Thumb Code    88  os_core.o(.text)
    OSEventPendMulti                         0x0000254d   Thumb Code   410  os_core.o(.text)
    OS_TaskStatStkChk                        0x000026e7   Thumb Code    50  os_core.o(.text)
    OS_TaskStat                              0x00002719   Thumb Code    98  os_core.o(.text)
    OS_TaskIdle                              0x0000277b   Thumb Code    22  os_core.o(.text)
    OS_MemClr                                0x00002791   Thumb Code    18  os_core.o(.text)
    OSInit                                   0x000027a3   Thumb Code   172  os_core.o(.text)
    OSIntEnter                               0x0000284f   Thumb Code    20  os_core.o(.text)
    OSIntExit                                0x00002863   Thumb Code    82  os_core.o(.text)
    OSSchedLock                              0x000028b5   Thumb Code    38  os_core.o(.text)
    OSSchedUnlock                            0x000028db   Thumb Code    52  os_core.o(.text)
    OSStart                                  0x0000290f   Thumb Code    38  os_core.o(.text)
    OSStatInit                               0x00002935   Thumb Code    48  os_core.o(.text)
    OSTimeTick                               0x00002965   Thumb Code   154  os_core.o(.text)
    OSVersion                                0x000029ff   Thumb Code     6  os_core.o(.text)
    OS_Dummy                                 0x00002a05   Thumb Code     2  os_core.o(.text)
    OS_EventTaskRemove                       0x00002a07   Thumb Code    36  os_core.o(.text)
    OS_EventTaskRdy                          0x00002a2b   Thumb Code   102  os_core.o(.text)
    OS_EventTaskWait                         0x00002a91   Thumb Code    68  os_core.o(.text)
    OS_EventWaitListInit                     0x00002ad5   Thumb Code    20  os_core.o(.text)
    OS_MemCopy                               0x00002ae9   Thumb Code    20  os_core.o(.text)
    OS_TCBInit                               0x00002afd   Thumb Code   230  os_core.o(.text)
    OSFlagAccept                             0x00002d11   Thumb Code   154  os_flag.o(.text)
    OSFlagCreate                             0x00002dab   Thumb Code    68  os_flag.o(.text)
    OS_FlagUnlink                            0x00002def   Thumb Code    32  os_flag.o(.text)
    OSFlagDel                                0x00002e55   Thumb Code   182  os_flag.o(.text)
    OSFlagNameGet                            0x00002f0b   Thumb Code    72  os_flag.o(.text)
    OSFlagNameSet                            0x00002f53   Thumb Code    50  os_flag.o(.text)
    OSFlagPend                               0x00002fdb   Thumb Code   370  os_flag.o(.text)
    OSFlagPendGetFlagsRdy                    0x0000314d   Thumb Code    20  os_flag.o(.text)
    OSFlagPost                               0x00003161   Thumb Code   212  os_flag.o(.text)
    OSFlagQuery                              0x00003235   Thumb Code    38  os_flag.o(.text)
    OS_FlagInit                              0x0000325b   Thumb Code    64  os_flag.o(.text)
    OSMboxAccept                             0x000032a5   Thumb Code    32  os_mbox.o(.text)
    OSMboxCreate                             0x000032c5   Thumb Code    58  os_mbox.o(.text)
    OSMboxDel                                0x000032ff   Thumb Code   188  os_mbox.o(.text)
    OSMboxPend                               0x000033bb   Thumb Code   190  os_mbox.o(.text)
    OSMboxPendAbort                          0x00003479   Thumb Code   110  os_mbox.o(.text)
    OSMboxPost                               0x000034e7   Thumb Code    76  os_mbox.o(.text)
    OSMboxPostOpt                            0x00003533   Thumb Code   108  os_mbox.o(.text)
    OSMboxQuery                              0x0000359f   Thumb Code    66  os_mbox.o(.text)
    OSMemCreate                              0x000035f5   Thumb Code    86  os_mem.o(.text)
    OSMemGet                                 0x0000364b   Thumb Code    48  os_mem.o(.text)
    OSMemNameGet                             0x0000367b   Thumb Code    54  os_mem.o(.text)
    OSMemNameSet                             0x000036b1   Thumb Code    36  os_mem.o(.text)
    OSMemPut                                 0x000036d5   Thumb Code    46  os_mem.o(.text)
    OSMemQuery                               0x00003703   Thumb Code    46  os_mem.o(.text)
    OS_MemInit                               0x00003731   Thumb Code    62  os_mem.o(.text)
    OSSemAccept                              0x00003781   Thumb Code    34  os_sem.o(.text)
    OSSemCreate                              0x000037a3   Thumb Code    58  os_sem.o(.text)
    OSSemDel                                 0x000037dd   Thumb Code   188  os_sem.o(.text)
    OSSemPend                                0x00003899   Thumb Code   174  os_sem.o(.text)
    OSSemPendAbort                           0x00003947   Thumb Code   110  os_sem.o(.text)
    OSSemPost                                0x000039b5   Thumb Code    82  os_sem.o(.text)
    OSSemQuery                               0x00003a07   Thumb Code    66  os_sem.o(.text)
    OSSemSet                                 0x00003a49   Thumb Code    52  os_sem.o(.text)
    OSTaskChangePrio                         0x00003a91   Thumb Code   322  os_task.o(.text)
    OSTaskCreate                             0x00003bd3   Thumb Code   124  os_task.o(.text)
    OS_TaskStkClr                            0x00003c4f   Thumb Code    22  os_task.o(.text)
    OSTaskCreateExt                          0x00003c65   Thumb Code   144  os_task.o(.text)
    OSTaskDel                                0x00003cf5   Thumb Code   274  os_task.o(.text)
    OSTaskDelReq                             0x00003e07   Thumb Code    82  os_task.o(.text)
    OSTaskNameGet                            0x00003e59   Thumb Code   138  os_task.o(.text)
    OSTaskNameSet                            0x00003ee3   Thumb Code    70  os_task.o(.text)
    OSTaskResume                             0x00003f29   Thumb Code   120  os_task.o(.text)
    OSTaskStkChk                             0x00003fa1   Thumb Code    94  os_task.o(.text)
    OSTaskSuspend                            0x00003fff   Thumb Code   128  os_task.o(.text)
    OSTaskQuery                              0x0000407f   Thumb Code    74  os_task.o(.text)
    OSTaskRegGet                             0x000040c9   Thumb Code    50  os_task.o(.text)
    OSTaskRegGetID                           0x000040fb   Thumb Code    40  os_task.o(.text)
    OSTaskRegSet                             0x00004123   Thumb Code    52  os_task.o(.text)
    OS_TaskReturn                            0x00004157   Thumb Code    18  os_task.o(.text)
    OSTimeDly                                0x00004185   Thumb Code    82  os_time.o(.text)
    OSTimeDlyHMSM                            0x000041d7   Thumb Code    70  os_time.o(.text)
    OSTimeDlyResume                          0x0000421d   Thumb Code   134  os_time.o(.text)
    OSTimeGet                                0x000042a3   Thumb Code    18  os_time.o(.text)
    OSTimeSet                                0x000042b5   Thumb Code    20  os_time.o(.text)
    OS_CPU_FP_Reg_Push                       0x000042e5   Thumb Code     0  os_cpu_a.o(.text)
    OS_CPU_FP_Reg_Pop                        0x000042ff   Thumb Code     0  os_cpu_a.o(.text)
    OS_CPU_SR_Save                           0x00004311   Thumb Code     0  os_cpu_a.o(.text)
    OS_CPU_SR_Restore                        0x00004319   Thumb Code     0  os_cpu_a.o(.text)
    OSStartHighRdy                           0x0000431f   Thumb Code     0  os_cpu_a.o(.text)
    OSCtxSw                                  0x00004347   Thumb Code     0  os_cpu_a.o(.text)
    OSIntCtxSw                               0x00004351   Thumb Code     0  os_cpu_a.o(.text)
    OS_CPU_PendSVHandler                     0x0000435b   Thumb Code     0  os_cpu_a.o(.text)
    OSInitHookBegin                          0x000043c1   Thumb Code    24  os_cpu_c.o(.text)
    OSInitHookEnd                            0x000043d9   Thumb Code     2  os_cpu_c.o(.text)
    OSTaskCreateHook                         0x000043db   Thumb Code     4  os_cpu_c.o(.text)
    OSTaskDelHook                            0x000043df   Thumb Code     4  os_cpu_c.o(.text)
    OSTaskIdleHook                           0x000043e3   Thumb Code     4  os_cpu_c.o(.text)
    OSTaskReturnHook                         0x000043e7   Thumb Code     4  os_cpu_c.o(.text)
    OSTaskStatHook                           0x000043eb   Thumb Code     4  os_cpu_c.o(.text)
    OSTaskStkInit                            0x000043ef   Thumb Code   322  os_cpu_c.o(.text)
    OSTaskSwHook                             0x00004531   Thumb Code    42  os_cpu_c.o(.text)
    OSTCBInitHook                            0x0000455b   Thumb Code     4  os_cpu_c.o(.text)
    OSTimeTickHook                           0x0000455f   Thumb Code     4  os_cpu_c.o(.text)
    OS_CPU_SysTickHandler                    0x00004563   Thumb Code    30  os_cpu_c.o(.text)
    OS_CPU_SysTickInit                       0x00004581   Thumb Code    36  os_cpu_c.o(.text)
    OSDebugInit                              0x00004629   Thumb Code     2  os_dbg.o(.text)
    GPIODirModeSet                           0x0000462d   Thumb Code    38  gpio.o(.text)
    GPIODirModeGet                           0x00004653   Thumb Code    38  gpio.o(.text)
    GPIOIntTypeSet                           0x00004679   Thumb Code    78  gpio.o(.text)
    GPIOIntTypeGet                           0x000046c7   Thumb Code    68  gpio.o(.text)
    GPIOPadConfigSet                         0x0000470b   Thumb Code   164  gpio.o(.text)
    GPIOPadConfigGet                         0x000047af   Thumb Code   110  gpio.o(.text)
    GPIOIntEnable                            0x0000481d   Thumb Code    12  gpio.o(.text)
    GPIOIntDisable                           0x00004829   Thumb Code    12  gpio.o(.text)
    GPIOIntStatus                            0x00004835   Thumb Code    14  gpio.o(.text)
    GPIOIntClear                             0x00004843   Thumb Code     6  gpio.o(.text)
    GPIOIntRegister                          0x00004849   Thumb Code    26  gpio.o(.text)
    GPIOIntUnregister                        0x00004863   Thumb Code    22  gpio.o(.text)
    GPIOPinRead                              0x00004879   Thumb Code     6  gpio.o(.text)
    GPIOPinWrite                             0x0000487f   Thumb Code     6  gpio.o(.text)
    GPIOPinTypeADC                           0x00004885   Thumb Code    26  gpio.o(.text)
    GPIOPinTypeCAN                           0x0000489f   Thumb Code    26  gpio.o(.text)
    GPIOPinTypeComparator                    0x000048b9   Thumb Code    26  gpio.o(.text)
    GPIOPinTypeEPI                           0x000048d3   Thumb Code    26  gpio.o(.text)
    GPIOPinTypeEthernetLED                   0x000048ed   Thumb Code    26  gpio.o(.text)
    GPIOPinTypeEthernetMII                   0x00004907   Thumb Code    26  gpio.o(.text)
    GPIOPinTypeFan                           0x00004921   Thumb Code    26  gpio.o(.text)
    GPIOPinTypeGPIOInput                     0x0000493b   Thumb Code    26  gpio.o(.text)
    GPIOPinTypeGPIOOutput                    0x00004955   Thumb Code    26  gpio.o(.text)
    GPIOPinTypeGPIOOutputOD                  0x0000496f   Thumb Code    26  gpio.o(.text)
    GPIOPinTypeI2C                           0x00004989   Thumb Code    26  gpio.o(.text)
    GPIOPinTypeI2CSCL                        0x000049a3   Thumb Code    26  gpio.o(.text)
    GPIOPinTypeLPC                           0x000049bd   Thumb Code    26  gpio.o(.text)
    GPIOPinTypePECIRx                        0x000049d7   Thumb Code    26  gpio.o(.text)
    GPIOPinTypePECITx                        0x000049f1   Thumb Code    26  gpio.o(.text)
    GPIOPinTypePWM                           0x00004a0b   Thumb Code    26  gpio.o(.text)
    GPIOPinTypeQEI                           0x00004a25   Thumb Code    26  gpio.o(.text)
    GPIOPinTypeSSI                           0x00004a3f   Thumb Code    26  gpio.o(.text)
    GPIOPinTypeTimer                         0x00004a59   Thumb Code    26  gpio.o(.text)
    GPIOPinTypeUART                          0x00004a73   Thumb Code    26  gpio.o(.text)
    GPIOPinTypeUSBAnalog                     0x00004a8d   Thumb Code    26  gpio.o(.text)
    GPIOPinTypeUSBDigital                    0x00004aa7   Thumb Code    26  gpio.o(.text)
    GPIOPinConfigure                         0x00004ac1   Thumb Code    58  gpio.o(.text)
    GPIODMATriggerEnable                     0x00004afb   Thumb Code    12  gpio.o(.text)
    GPIODMATriggerDisable                    0x00004b07   Thumb Code    12  gpio.o(.text)
    GPIOADCTriggerEnable                     0x00004b13   Thumb Code    12  gpio.o(.text)
    GPIOADCTriggerDisable                    0x00004b1f   Thumb Code    12  gpio.o(.text)
    IntMasterEnable                          0x00004b5b   Thumb Code    14  interrupt.o(.text)
    IntMasterDisable                         0x00004b69   Thumb Code    14  interrupt.o(.text)
    IntRegister                              0x00004b77   Thumb Code    38  interrupt.o(.text)
    IntUnregister                            0x00004b9d   Thumb Code    10  interrupt.o(.text)
    IntPriorityGroupingSet                   0x00004ba7   Thumb Code    18  interrupt.o(.text)
    IntPriorityGroupingGet                   0x00004bb9   Thumb Code    30  interrupt.o(.text)
    IntPrioritySet                           0x00004bd7   Thumb Code    32  interrupt.o(.text)
    IntPriorityGet                           0x00004bf7   Thumb Code    22  interrupt.o(.text)
    IntEnable                                0x00004c0d   Thumb Code    88  interrupt.o(.text)
    IntDisable                               0x00004c65   Thumb Code    88  interrupt.o(.text)
    IntIsEnabled                             0x00004cbd   Thumb Code    90  interrupt.o(.text)
    IntPendSet                               0x00004d17   Thumb Code    70  interrupt.o(.text)
    IntPendClear                             0x00004d5d   Thumb Code    58  interrupt.o(.text)
    IntPriorityMaskSet                       0x00004d97   Thumb Code     4  interrupt.o(.text)
    IntPriorityMaskGet                       0x00004d9b   Thumb Code     4  interrupt.o(.text)
    IntTrigger                               0x00004d9f   Thumb Code     8  interrupt.o(.text)
    PWMGenConfigure                          0x00004dc1   Thumb Code    36  pwm.o(.text)
    PWMGenPeriodSet                          0x00004de5   Thumb Code    20  pwm.o(.text)
    PWMGenPeriodGet                          0x00004df9   Thumb Code    18  pwm.o(.text)
    PWMGenEnable                             0x00004e0b   Thumb Code    10  pwm.o(.text)
    PWMGenDisable                            0x00004e15   Thumb Code    10  pwm.o(.text)
    PWMPulseWidthSet                         0x00004e1f   Thumb Code    30  pwm.o(.text)
    PWMPulseWidthGet                         0x00004e3d   Thumb Code    30  pwm.o(.text)
    PWMDeadBandEnable                        0x00004e5b   Thumb Code    16  pwm.o(.text)
    PWMDeadBandDisable                       0x00004e6b   Thumb Code    12  pwm.o(.text)
    PWMSyncUpdate                            0x00004e77   Thumb Code     4  pwm.o(.text)
    PWMSyncTimeBase                          0x00004e7b   Thumb Code     4  pwm.o(.text)
    PWMOutputState                           0x00004e7f   Thumb Code    16  pwm.o(.text)
    PWMOutputInvert                          0x00004e8f   Thumb Code    16  pwm.o(.text)
    PWMOutputFaultLevel                      0x00004e9f   Thumb Code    16  pwm.o(.text)
    PWMOutputFault                           0x00004eaf   Thumb Code    16  pwm.o(.text)
    PWMGenIntRegister                        0x00004f2b   Thumb Code    26  pwm.o(.text)
    PWMGenIntUnregister                      0x00004f45   Thumb Code    22  pwm.o(.text)
    PWMFaultIntRegister                      0x00004f5b   Thumb Code    26  pwm.o(.text)
    PWMFaultIntUnregister                    0x00004f75   Thumb Code    22  pwm.o(.text)
    PWMGenIntTrigEnable                      0x00004f8b   Thumb Code    10  pwm.o(.text)
    PWMGenIntTrigDisable                     0x00004f95   Thumb Code    10  pwm.o(.text)
    PWMGenIntStatus                          0x00004f9f   Thumb Code    12  pwm.o(.text)
    PWMGenIntClear                           0x00004fab   Thumb Code     6  pwm.o(.text)
    PWMIntEnable                             0x00004fb1   Thumb Code     8  pwm.o(.text)
    PWMIntDisable                            0x00004fb9   Thumb Code     8  pwm.o(.text)
    PWMFaultIntClear                         0x00004fc1   Thumb Code     8  pwm.o(.text)
    PWMIntStatus                             0x00004fc9   Thumb Code    10  pwm.o(.text)
    PWMFaultIntClearExt                      0x00004fd3   Thumb Code     4  pwm.o(.text)
    PWMGenFaultConfigure                     0x00004fd7   Thumb Code    16  pwm.o(.text)
    PWMGenFaultTriggerSet                    0x00004fe7   Thumb Code    12  pwm.o(.text)
    PWMGenFaultTriggerGet                    0x00004ff3   Thumb Code    12  pwm.o(.text)
    PWMGenFaultStatus                        0x00004fff   Thumb Code    18  pwm.o(.text)
    PWMGenFaultClear                         0x00005011   Thumb Code    18  pwm.o(.text)
    SysCtlSRAMSizeGet                        0x00005061   Thumb Code    10  sysctl.o(.text)
    SysCtlFlashSizeGet                       0x0000506b   Thumb Code    16  sysctl.o(.text)
    SysCtlPeripheralPresent                  0x0000507b   Thumb Code    40  sysctl.o(.text)
    SysCtlPeripheralReady                    0x000050a3   Thumb Code    40  sysctl.o(.text)
    SysCtlPeripheralPowerOn                  0x000050cb   Thumb Code    36  sysctl.o(.text)
    SysCtlPeripheralPowerOff                 0x000050ef   Thumb Code    36  sysctl.o(.text)
    SysCtlPeripheralReset                    0x00005113   Thumb Code    54  sysctl.o(.text)
    SysCtlPeripheralEnable                   0x00005149   Thumb Code    36  sysctl.o(.text)
    SysCtlPeripheralDisable                  0x0000516d   Thumb Code    36  sysctl.o(.text)
    SysCtlPeripheralSleepEnable              0x00005191   Thumb Code    36  sysctl.o(.text)
    SysCtlPeripheralSleepDisable             0x000051b5   Thumb Code    36  sysctl.o(.text)
    SysCtlPeripheralDeepSleepEnable          0x000051d9   Thumb Code    36  sysctl.o(.text)
    SysCtlPeripheralDeepSleepDisable         0x000051fd   Thumb Code    36  sysctl.o(.text)
    SysCtlPeripheralClockGating              0x00005221   Thumb Code    24  sysctl.o(.text)
    SysCtlIntRegister                        0x00005239   Thumb Code    20  sysctl.o(.text)
    SysCtlIntUnregister                      0x0000524d   Thumb Code    18  sysctl.o(.text)
    SysCtlIntEnable                          0x0000525f   Thumb Code    12  sysctl.o(.text)
    SysCtlIntDisable                         0x0000526b   Thumb Code    12  sysctl.o(.text)
    SysCtlIntClear                           0x00005277   Thumb Code     8  sysctl.o(.text)
    SysCtlIntStatus                          0x0000527f   Thumb Code    14  sysctl.o(.text)
    SysCtlReset                              0x0000528d   Thumb Code     8  sysctl.o(.text)
    SysCtlSleep                              0x00005295   Thumb Code     4  sysctl.o(.text)
    SysCtlDeepSleep                          0x00005299   Thumb Code    28  sysctl.o(.text)
    SysCtlResetCauseGet                      0x000052b5   Thumb Code     8  sysctl.o(.text)
    SysCtlResetCauseClear                    0x000052bd   Thumb Code    12  sysctl.o(.text)
    SysCtlMOSCConfigSet                      0x000052c9   Thumb Code     8  sysctl.o(.text)
    SysCtlPIOSCCalibrate                     0x000052d1   Thumb Code    64  sysctl.o(.text)
    SysCtlClockSet                           0x00005311   Thumb Code   250  sysctl.o(.text)
    SysCtlClockGet                           0x0000540b   Thumb Code   274  sysctl.o(.text)
    SysCtlDeepSleepClockSet                  0x0000551d   Thumb Code     8  sysctl.o(.text)
    SysCtlPWMClockSet                        0x00005525   Thumb Code    14  sysctl.o(.text)
    SysCtlPWMClockGet                        0x00005533   Thumb Code    20  sysctl.o(.text)
    SysCtlADCSpeedSet                        0x00005547   Thumb Code    32  sysctl.o(.text)
    SysCtlADCSpeedGet                        0x00005567   Thumb Code    12  sysctl.o(.text)
    SysCtlGPIOAHBEnable                      0x00005573   Thumb Code    18  sysctl.o(.text)
    SysCtlGPIOAHBDisable                     0x00005585   Thumb Code    18  sysctl.o(.text)
    SysCtlUSBPLLEnable                       0x00005597   Thumb Code    12  sysctl.o(.text)
    SysCtlUSBPLLDisable                      0x000055a3   Thumb Code    12  sysctl.o(.text)
    UARTParityModeSet                        0x000055bd   Thumb Code    12  uart.o(.text)
    UARTParityModeGet                        0x000055c9   Thumb Code     8  uart.o(.text)
    UARTFIFOLevelSet                         0x000055d1   Thumb Code     6  uart.o(.text)
    UARTFIFOLevelGet                         0x000055d7   Thumb Code    16  uart.o(.text)
    UARTEnable                               0x000055e7   Thumb Code    20  uart.o(.text)
    UARTDisable                              0x000055fb   Thumb Code    26  uart.o(.text)
    UARTConfigSetExpClk                      0x00005615   Thumb Code    70  uart.o(.text)
    UARTConfigGetExpClk                      0x0000565b   Thumb Code    38  uart.o(.text)
    UARTFIFOEnable                           0x00005681   Thumb Code    10  uart.o(.text)
    UARTFIFODisable                          0x0000568b   Thumb Code    10  uart.o(.text)
    UARTEnableSIR                            0x00005695   Thumb Code    20  uart.o(.text)
    UARTDisableSIR                           0x000056a9   Thumb Code    10  uart.o(.text)
    UARTSmartCardEnable                      0x000056b3   Thumb Code    22  uart.o(.text)
    UARTSmartCardDisable                     0x000056c9   Thumb Code    10  uart.o(.text)
    UARTModemControlSet                      0x000056d3   Thumb Code    12  uart.o(.text)
    UARTModemControlClear                    0x000056df   Thumb Code    12  uart.o(.text)
    UARTModemControlGet                      0x000056eb   Thumb Code     8  uart.o(.text)
    UARTModemStatusGet                       0x000056f3   Thumb Code    10  uart.o(.text)
    UARTFlowControlSet                       0x000056fd   Thumb Code    12  uart.o(.text)
    UARTFlowControlGet                       0x00005709   Thumb Code     8  uart.o(.text)
    UARTTxIntModeSet                         0x00005711   Thumb Code    12  uart.o(.text)
    UARTTxIntModeGet                         0x0000571d   Thumb Code     8  uart.o(.text)
    UARTCharsAvail                           0x00005725   Thumb Code    10  uart.o(.text)
    UARTSpaceAvail                           0x0000572f   Thumb Code    10  uart.o(.text)
    UARTCharGetNonBlocking                   0x00005739   Thumb Code    16  uart.o(.text)
    UARTCharGet                              0x00005749   Thumb Code    10  uart.o(.text)
    UARTCharPutNonBlocking                   0x00005753   Thumb Code    16  uart.o(.text)
    UARTCharPut                              0x00005763   Thumb Code    10  uart.o(.text)
    UARTBreakCtl                             0x0000576d   Thumb Code    20  uart.o(.text)
    UARTBusy                                 0x00005781   Thumb Code     8  uart.o(.text)
    UARTIntRegister                          0x00005789   Thumb Code    26  uart.o(.text)
    UARTIntUnregister                        0x000057a3   Thumb Code    22  uart.o(.text)
    UARTIntEnable                            0x000057b9   Thumb Code     8  uart.o(.text)
    UARTIntDisable                           0x000057c1   Thumb Code     8  uart.o(.text)
    UARTIntStatus                            0x000057c9   Thumb Code    10  uart.o(.text)
    UARTIntClear                             0x000057d3   Thumb Code     4  uart.o(.text)
    UARTDMAEnable                            0x000057d7   Thumb Code     8  uart.o(.text)
    UARTDMADisable                           0x000057df   Thumb Code     8  uart.o(.text)
    UARTRxErrorGet                           0x000057e7   Thumb Code     8  uart.o(.text)
    UARTRxErrorClear                         0x000057ef   Thumb Code     6  uart.o(.text)
    UARTClockSourceSet                       0x000057f5   Thumb Code     6  uart.o(.text)
    UARTClockSourceGet                       0x000057fb   Thumb Code     6  uart.o(.text)
    UART9BitEnable                           0x00005801   Thumb Code    12  uart.o(.text)
    UART9BitDisable                          0x0000580d   Thumb Code    12  uart.o(.text)
    UART9BitAddrSet                          0x00005819   Thumb Code     8  uart.o(.text)
    UART9BitAddrSend                         0x00005821   Thumb Code    38  uart.o(.text)
    UARTStdioConfig                          0x0000586d   Thumb Code    70  uartstdio.o(.text)
    UARTwrite                                0x000058b3   Thumb Code    46  uartstdio.o(.text)
    UARTgets                                 0x000058e1   Thumb Code   106  uartstdio.o(.text)
    UARTgetc                                 0x0000594b   Thumb Code    14  uartstdio.o(.text)
    UARTvprintf                              0x00005959   Thumb Code   422  uartstdio.o(.text)
    UARTprintf                               0x00005aff   Thumb Code    18  uartstdio.o(.text)
    __aeabi_uldivmod                         0x00005b2d   Thumb Code    98  uldiv.o(.text)
    __aeabi_uidiv                            0x00005b8f   Thumb Code     0  uidiv.o(.text)
    __aeabi_uidivmod                         0x00005b8f   Thumb Code    44  uidiv.o(.text)
    __aeabi_llsl                             0x00005bbb   Thumb Code    30  llshl.o(.text)
    _ll_shift_l                              0x00005bbb   Thumb Code     0  llshl.o(.text)
    __aeabi_llsr                             0x00005bd9   Thumb Code    32  llushr.o(.text)
    _ll_ushift_r                             0x00005bd9   Thumb Code     0  llushr.o(.text)
    __scatterload                            0x00005bf9   Thumb Code    28  init.o(.text)
    __scatterload_rt2                        0x00005bf9   Thumb Code     0  init.o(.text)
    __decompress                             0x00005c1d   Thumb Code     0  __dczerorl.o(.text)
    __decompress0                            0x00005c1d   Thumb Code    58  __dczerorl.o(.text)
    __0sprintf$1                             0x00005c59   Thumb Code    34  printf1.o(i.__0sprintf$1)
    __1sprintf$1                             0x00005c59   Thumb Code     0  printf1.o(i.__0sprintf$1)
    __2sprintf                               0x00005c59   Thumb Code     0  printf1.o(i.__0sprintf$1)
    __scatterload_copy                       0x00005c81   Thumb Code    14  handlers.o(i.__scatterload_copy)
    __scatterload_null                       0x00005c8f   Thumb Code     2  handlers.o(i.__scatterload_null)
    __scatterload_zeroinit                   0x00005c91   Thumb Code    14  handlers.o(i.__scatterload_zeroinit)
    OSUnMapTbl                               0x00005f94   Data         256  os_core.o(.constdata)
    Region$$Table$$Base                      0x000063b4   Number         0  anon$$obj.o(Region$$Table)
    Region$$Table$$Limit                     0x000063d4   Number         0  anon$$obj.o(Region$$Table)
    BlinkyCounter1                           0x20000002   Data           2  app.o(.data)
    UARTSem                                  0x20000004   Data           4  app.o(.data)
    UpdateLedFlag                            0x20000008   Data           4  app.o(.data)
    BlinkRate1Mbox                           0x2000000c   Data           4  app.o(.data)
    BlinkRate2Mbox                           0x20000010   Data           4  app.o(.data)
    CPU_TS_TmrFreq_Hz                        0x2000001c   Data           4  cpu_core.o(.data)
    Mem_PoolTbl                              0x20000020   Data           4  lib_mem.o(.data)
    OSCPUUsage                               0x20000024   Data           1  os_core.o(.data)
    OSStatRdy                                0x20000025   Data           1  os_core.o(.data)
    OSIntNesting                             0x20000026   Data           1  os_core.o(.data)
    OSLockNesting                            0x20000027   Data           1  os_core.o(.data)
    OSPrioCur                                0x20000028   Data           1  os_core.o(.data)
    OSPrioHighRdy                            0x20000029   Data           1  os_core.o(.data)
    OSRdyGrp                                 0x2000002a   Data           1  os_core.o(.data)
    OSRunning                                0x2000002b   Data           1  os_core.o(.data)
    OSTaskCtr                                0x2000002c   Data           1  os_core.o(.data)
    OSTickStepState                          0x2000002d   Data           1  os_core.o(.data)
    OSTaskRegNextAvailID                     0x2000002e   Data           1  os_core.o(.data)
    OSCtxSwCtr                               0x20000030   Data           4  os_core.o(.data)
    OSEventFreeList                          0x20000034   Data           4  os_core.o(.data)
    OSIdleCtrMax                             0x20000038   Data           4  os_core.o(.data)
    OSIdleCtrRun                             0x2000003c   Data           4  os_core.o(.data)
    OSIdleCtr                                0x20000040   Data           4  os_core.o(.data)
    OSTCBCur                                 0x20000044   Data           4  os_core.o(.data)
    OSTCBFreeList                            0x20000048   Data           4  os_core.o(.data)
    OSTCBHighRdy                             0x2000004c   Data           4  os_core.o(.data)
    OSTCBList                                0x20000050   Data           4  os_core.o(.data)
    OSTime                                   0x20000054   Data           4  os_core.o(.data)
    OSRdyTbl                                 0x20000058   Data           8  os_core.o(.data)
    OSFlagFreeList                           0x20000060   Data           4  os_core.o(.data)
    OSMemFreeList                            0x20000064   Data           4  os_core.o(.data)
    OS_CPU_ExceptStkBase                     0x20000068   Data           4  os_cpu_c.o(.data)
    CPU_Name                                 0x2000202c   Data          16  cpu_core.o(.bss)
    Mem_PoolHeap                             0x2000203c   Data          72  lib_mem.o(.bss)
    Mem_Heap                                 0x20002084   Data        1024  lib_mem.o(.bss)
    OSEventTbl                               0x20002484   Data         240  os_core.o(.bss)
    OSTaskStatStk                            0x20002574   Data         512  os_core.o(.bss)
    OSTaskIdleStk                            0x20002774   Data         512  os_core.o(.bss)
    OSTCBPrioTbl                             0x20002974   Data         256  os_core.o(.bss)
    OSTCBTbl                                 0x20002a74   Data        1936  os_core.o(.bss)
    OSFlagTbl                                0x20003204   Data          80  os_core.o(.bss)
    OSMemTbl                                 0x20003254   Data         120  os_core.o(.bss)
    OS_CPU_ExceptStk                         0x200032cc   Data         512  os_cpu_c.o(.bss)
    __initial_sp                             0x200036d0   Data           0  cstartup.o(STACK)



==============================================================================

Memory Map of the image

  Image Entry point : 0x00000201

  Load Region LR_IROM1 (Base: 0x00000000, Size: 0x00006a40, Max: 0x00040000, ABSOLUTE, COMPRESSED[0x000063e4])

    Execution Region ER_IROM1 (Exec base: 0x00000000, Load base: 0x00000000, Size: 0x000063d4, Max: 0x00040000, ABSOLUTE)

    Exec Addr    Load Addr    Size         Type   Attr      Idx    E Section Name        Object

    0x00000000   0x00000000   0x00000200   Data   RO          285    RESET               cstartup.o
    0x00000200   0x00000200   0x00000000   Code   RO         1051  * .ARM.Collect$$$$00000000  mc_w.l(entry.o)
    0x00000200   0x00000200   0x00000004   Code   RO         1317    .ARM.Collect$$$$00000001  mc_w.l(entry2.o)
    0x00000204   0x00000204   0x00000004   Code   RO         1320    .ARM.Collect$$$$00000004  mc_w.l(entry5.o)
    0x00000208   0x00000208   0x00000000   Code   RO         1322    .ARM.Collect$$$$00000008  mc_w.l(entry7b.o)
    0x00000208   0x00000208   0x00000000   Code   RO         1324    .ARM.Collect$$$$0000000A  mc_w.l(entry8b.o)
    0x00000208   0x00000208   0x00000008   Code   RO         1325    .ARM.Collect$$$$0000000B  mc_w.l(entry9a.o)
    0x00000210   0x00000210   0x00000000   Code   RO         1327    .ARM.Collect$$$$0000000D  mc_w.l(entry10a.o)
    0x00000210   0x00000210   0x00000000   Code   RO         1329    .ARM.Collect$$$$0000000F  mc_w.l(entry11a.o)
    0x00000210   0x00000210   0x00000004   Code   RO         1318    .ARM.Collect$$$$00002712  mc_w.l(entry2.o)
    0x00000214   0x00000214   0x00000026   Code   RO          663    .emb_text           cpu.o
    0x0000023a   0x0000023a   0x00000002   PAD
    0x0000023c   0x0000023c   0x00000006   Code   RO          886    .emb_text           sysctl.o
    0x00000242   0x00000242   0x00000002   PAD
    0x00000244   0x00000244   0x000004c4   Code   RO            1    .text               app.o
    0x00000708   0x00000708   0x00000010   Code   RO          127    .text               app_hooks.o
    0x00000718   0x00000718   0x0000016c   Code   RO          143    .text               bsp.o
    0x00000884   0x00000884   0x00000248   Code   RO          204    .text               bsp_int.o
    0x00000acc   0x00000acc   0x000000cc   Code   RO          225    .text               bsp_led.o
    0x00000b98   0x00000b98   0x00000010   Code   RO          246    .text               bsp_sys.o
    0x00000ba8   0x00000ba8   0x00000058   Code   RO          261    .text               cpu_bsp.o
    0x00000c00   0x00000c00   0x00000018   Code   RO          286    .text               cstartup.o
    0x00000c18   0x00000c18   0x000001bc   Code   RO          291    .text               cpu_core.o
    0x00000dd4   0x00000dd4   0x00000034   Code   RO          313    .text               cpu_a.o
    0x00000e08   0x00000e08   0x0000037c   Code   RO          316    .text               cpu_c.o
    0x00001184   0x00001184   0x0000015a   Code   RO          332    .text               lib_ascii.o
    0x000012de   0x000012de   0x00000002   PAD
    0x000012e0   0x000012e0   0x0000094c   Code   RO          379    .text               lib_mem.o
    0x00001c2c   0x00001c2c   0x000005a8   Code   RO          398    .text               lib_str.o
    0x000021d4   0x000021d4   0x00000220   Code   RO          416    .text               lib_mem_a.o
    0x000023f4   0x000023f4   0x0000091c   Code   RO          419    .text               os_core.o
    0x00002d10   0x00002d10   0x00000594   Code   RO          444    .text               os_flag.o
    0x000032a4   0x000032a4   0x00000350   Code   RO          457    .text               os_mbox.o
    0x000035f4   0x000035f4   0x0000018c   Code   RO          469    .text               os_mem.o
    0x00003780   0x00003780   0x00000310   Code   RO          499    .text               os_sem.o
    0x00003a90   0x00003a90   0x000006f4   Code   RO          511    .text               os_task.o
    0x00004184   0x00004184   0x00000160   Code   RO          524    .text               os_time.o
    0x000042e4   0x000042e4   0x000000dc   Code   RO          542    .text               os_cpu_a.o
    0x000043c0   0x000043c0   0x00000268   Code   RO          545    .text               os_cpu_c.o
    0x00004628   0x00004628   0x00000002   Code   RO          568    .text               os_dbg.o
    0x0000462a   0x0000462a   0x00000002   PAD
    0x0000462c   0x0000462c   0x0000052c   Code   RO          729    .text               gpio.o
    0x00004b58   0x00004b58   0x00000268   Code   RO          786    .text               interrupt.o
    0x00004dc0   0x00004dc0   0x000002a0   Code   RO          816    .text               pwm.o
    0x00005060   0x00005060   0x0000055c   Code   RO          887    .text               sysctl.o
    0x000055bc   0x000055bc   0x000002b0   Code   RO          960    .text               uart.o
    0x0000586c   0x0000586c   0x000002c0   Code   RO         1032    .text               uartstdio.o
    0x00005b2c   0x00005b2c   0x00000062   Code   RO         1054    .text               mc_w.l(uldiv.o)
    0x00005b8e   0x00005b8e   0x0000002c   Code   RO         1334    .text               mc_w.l(uidiv.o)
    0x00005bba   0x00005bba   0x0000001e   Code   RO         1336    .text               mc_w.l(llshl.o)
    0x00005bd8   0x00005bd8   0x00000020   Code   RO         1338    .text               mc_w.l(llushr.o)
    0x00005bf8   0x00005bf8   0x00000024   Code   RO         1351    .text               mc_w.l(init.o)
    0x00005c1c   0x00005c1c   0x0000003a   Code   RO         1367    .text               mc_w.l(__dczerorl.o)
    0x00005c56   0x00005c56   0x00000002   PAD
    0x00005c58   0x00005c58   0x00000028   Code   RO         1103    i.__0sprintf$1      mc_w.l(printf1.o)
    0x00005c80   0x00005c80   0x0000000e   Code   RO         1361    i.__scatterload_copy  mc_w.l(handlers.o)
    0x00005c8e   0x00005c8e   0x00000002   Code   RO         1362    i.__scatterload_null  mc_w.l(handlers.o)
    0x00005c90   0x00005c90   0x0000000e   Code   RO         1363    i.__scatterload_zeroinit  mc_w.l(handlers.o)
    0x00005c9e   0x00005c9e   0x00000002   PAD
    0x00005ca0   0x00005ca0   0x00000154   Code   RO         1108    i._printf_core      mc_w.l(printf1.o)
    0x00005df4   0x00005df4   0x0000000a   Code   RO         1110    i._sputc            mc_w.l(printf1.o)
    0x00005dfe   0x00005dfe   0x00000100   Data   RO          293    .constdata          cpu_core.o
    0x00005efe   0x00005efe   0x00000002   PAD
    0x00005f00   0x00005f00   0x00000094   Data   RO          399    .constdata          lib_str.o
    0x00005f94   0x00005f94   0x00000100   Data   RO          423    .constdata          os_core.o
    0x00006094   0x00006094   0x00000138   Data   RO          730    .constdata          gpio.o
    0x000061cc   0x000061cc   0x0000010c   Data   RO          787    .constdata          interrupt.o
    0x000062d8   0x000062d8   0x0000006c   Data   RO          888    .constdata          sysctl.o
    0x00006344   0x00006344   0x00000040   Data   RO          961    .constdata          uart.o
    0x00006384   0x00006384   0x0000001c   Data   RO         1033    .constdata          uartstdio.o
    0x000063a0   0x000063a0   0x00000011   Data   RO         1034    .conststring        uartstdio.o
    0x000063b1   0x000063b1   0x00000003   PAD
    0x000063b4   0x000063b4   0x00000020   Data   RO         1359    Region$$Table       anon$$obj.o


    Execution Region RW_IRAM1 (Exec base: 0x20000000, Load base: 0x000063d4, Size: 0x000036d0, Max: 0x00008000, ABSOLUTE, COMPRESSED[0x00000010])

    Exec Addr    Load Addr    Size         Type   Attr      Idx    E Section Name        Object

    0x20000000   COMPRESSED   0x0000001c   Data   RW            3    .data               app.o
    0x2000001c   COMPRESSED   0x00000004   Data   RW          295    .data               cpu_core.o
    0x20000020   COMPRESSED   0x00000004   Data   RW          381    .data               lib_mem.o
    0x20000024   COMPRESSED   0x0000003c   Data   RW          424    .data               os_core.o
    0x20000060   COMPRESSED   0x00000004   Data   RW          425    .data               os_core.o
    0x20000064   COMPRESSED   0x00000004   Data   RW          426    .data               os_core.o
    0x20000068   COMPRESSED   0x00000004   Data   RW          547    .data               os_cpu_c.o
    0x2000006c   COMPRESSED   0x00000008   Data   RW         1035    .data               uartstdio.o
    0x20000074   COMPRESSED   0x0000038c   PAD
    0x20000400   COMPRESSED   0x0000026c   Data   RW          788    vtable              interrupt.o
    0x2000066c        -       0x00001800   Zero   RW            2    .bss                app.o
    0x20001e6c        -       0x000001c0   Zero   RW          205    .bss                bsp_int.o
    0x2000202c        -       0x00000010   Zero   RW          292    .bss                cpu_core.o
    0x2000203c        -       0x00000448   Zero   RW          380    .bss                lib_mem.o
    0x20002484        -       0x00000d80   Zero   RW          420    .bss                os_core.o
    0x20003204        -       0x00000050   Zero   RW          421    .bss                os_core.o
    0x20003254        -       0x00000078   Zero   RW          422    .bss                os_core.o
    0x200032cc        -       0x00000200   Zero   RW          546    .bss                os_cpu_c.o
    0x200034cc   COMPRESSED   0x00000004   PAD
    0x200034d0        -       0x00000200   Zero   RW          283    STACK               cstartup.o


==============================================================================

Image component sizes


      Code (inc. data)   RO Data    RW Data    ZI Data      Debug   Object Name

      1220        376          0         28       6144      27649   app.o
        16          0          0          0          0       9471   app_hooks.o
       364         88          0          0          0       9419   bsp.o
       584          8          0          0        448      14670   bsp_int.o
       204         18          0          0          0       1281   bsp_led.o
        16          6          0          0          0        656   bsp_sys.o
        38          0          0          0          0        680   cpu.o
        52          0          0          0          0        420   cpu_a.o
        88         12          0          0          0       2616   cpu_bsp.o
       892         72          0          0          0       3597   cpu_c.o
       444         12        256          4         16       7101   cpu_core.o
        24          6        512          0        512        804   cstartup.o
      1324         10        312          0          0      12876   gpio.o
       616         26        268        620          0       5228   interrupt.o
       346          0          0          0          0      15394   lib_ascii.o
      2380         38          0          4       1096      25416   lib_mem.o
       544          0          0          0          0        568   lib_mem_a.o
      1448          4        148          0          0      12992   lib_str.o
      2332         92        256         68       3656      19575   os_core.o
       220         36          0          0          0        512   os_cpu_a.o
       616        132          0          4        512      12720   os_cpu_c.o
         2          0          0          0          0        646   os_dbg.o
      1428         40          0          0          0       7834   os_flag.o
       848         20          0          0          0       4798   os_mbox.o
       396         18          0          0          0       3504   os_mem.o
       784         20          0          0          0       4538   os_sem.o
      1780         72          0          0          0       9170   os_task.o
       352         28          0          0          0       2042   os_time.o
       672         30          0          0          0      10229   pwm.o
      1378         80        108          0          0       9843   sysctl.o
       688          4         64          0          0      11262   uart.o
       704         28         45          8          0       4129   uartstdio.o

    ----------------------------------------------------------------------
     22808       1276       2006       1644      12388     251640   Object Totals
         0          0         32          0          0          0   (incl. Generated)
         8          0          5        908          4          0   (incl. Padding)

    ----------------------------------------------------------------------

      Code (inc. data)   RO Data    RW Data    ZI Data      Debug   Library Member Name

        58          0          0          0          0          0   __dczerorl.o
         0          0          0          0          0          0   entry.o
         0          0          0          0          0          0   entry10a.o
         0          0          0          0          0          0   entry11a.o
         8          4          0          0          0          0   entry2.o
         4          0          0          0          0          0   entry5.o
         0          0          0          0          0          0   entry7b.o
         0          0          0          0          0          0   entry8b.o
         8          4          0          0          0          0   entry9a.o
        30          0          0          0          0          0   handlers.o
        36          8          0          0          0         68   init.o
        30          0          0          0          0         68   llshl.o
        32          0          0          0          0         68   llushr.o
       390         10          0          0          0        252   printf1.o
        44          0          0          0          0         80   uidiv.o
        98          0          0          0          0         92   uldiv.o

    ----------------------------------------------------------------------
       742         26          0          0          0        628   Library Totals
         4          0          0          0          0          0   (incl. Padding)

    ----------------------------------------------------------------------

      Code (inc. data)   RO Data    RW Data    ZI Data      Debug   Library Name

       738         26          0          0          0        628   mc_w.l

    ----------------------------------------------------------------------
       742         26          0          0          0        628   Library Totals

    ----------------------------------------------------------------------

==============================================================================


      Code (inc. data)   RO Data    RW Data    ZI Data      Debug   

     23550       1302       2006       1644      12388     245892   Grand Totals
     23550       1302       2006         16      12388     245892   ELF Image Totals (compressed)
     23550       1302       2006         16          0          0   ROM Totals

==============================================================================

    Total RO  Size (Code + RO Data)                25556 (  24.96kB)
    Total RW  Size (RW Data + ZI Data)             14032 (  13.70kB)
    Total ROM Size (Code + RO Data + RW Data)      25572 (  24.97kB)

==============================================================================

